                                                                                                                        
>>>>>>>>>>>>>>>>>>>>>>>>>>>>>>>>>>>>>>>>>>>>>>>>>>>>>>>>>>>>>>>>>>>>>>>>>>>>>>>>>>>>>>>>>>>>>>>>>>>>>>>>>>>>>>>>>>>>>>>>
2025-06-16 21:41:46,621 - INFO - START magic_classifier =============================================
2025-06-16 21:41:46,621 - INFO - START magic_classifier Start Time = 2025-06-16 21:41:46
2025-06-16 21:41:46,621 - INFO - magic_classifier Step 0 - Initialize the configuration file parser
2025-06-16 21:41:46,623 - INFO - Process magic_classifier Step 0 - Initializing and starting Logging Process.
2025-06-16 21:43:10,957 - INFO - PERFORMANCE magic_classifier The total process duration was:84.34
2025-06-16 21:43:10,957 - INFO - PERFORMANCE magic_classifier Stop Time = 2025-06-16 21:43:10
2025-06-16 21:43:10,957 - INFO - PERFORMANCE magic_classifier Low process duration less than 3 minutes:84.34
2025-06-16 21:43:10,957 - INFO - PERFORMANCE magic_classifier Performance optimization is optional
2025-06-16 21:43:10,961 - INFO - END magic_classifier =============================================

<<<<<<<<<<<<<<<<<<<<<<<<<<<<<<<<<<<<<<<<<<<<<<<<<<<<<<<<<<<<<<<<<<<<<<<<<<<<<<<<<<<<<<<<<<<<<<<<<<<<<<<<<<<<<<<<<<<<<<<<
                                                                                                                        
                                                                                                                        
>>>>>>>>>>>>>>>>>>>>>>>>>>>>>>>>>>>>>>>>>>>>>>>>>>>>>>>>>>>>>>>>>>>>>>>>>>>>>>>>>>>>>>>>>>>>>>>>>>>>>>>>>>>>>>>>>>>>>>>>
2025-06-16 22:03:55,218 - INFO - START magic_classifier =============================================
2025-06-16 22:03:55,218 - INFO - START magic_classifier Start Time = 2025-06-16 22:03:55
2025-06-16 22:03:55,218 - INFO - magic_classifier Step 0 - Initialize the configuration file parser
2025-06-16 22:03:55,220 - INFO - Process magic_classifier Step 0 - Initializing and starting Logging Process.
2025-06-16 22:05:17,593 - INFO - PERFORMANCE magic_classifier The total process duration was:82.38
2025-06-16 22:05:17,593 - INFO - PERFORMANCE magic_classifier Stop Time = 2025-06-16 22:05:17
2025-06-16 22:05:17,593 - INFO - PERFORMANCE magic_classifier Low process duration less than 3 minutes:82.38
2025-06-16 22:05:17,593 - INFO - PERFORMANCE magic_classifier Performance optimization is optional
2025-06-16 22:05:17,593 - INFO - END magic_classifier =============================================

<<<<<<<<<<<<<<<<<<<<<<<<<<<<<<<<<<<<<<<<<<<<<<<<<<<<<<<<<<<<<<<<<<<<<<<<<<<<<<<<<<<<<<<<<<<<<<<<<<<<<<<<<<<<<<<<<<<<<<<<
                                                                                                                        
                                                                                                                        
>>>>>>>>>>>>>>>>>>>>>>>>>>>>>>>>>>>>>>>>>>>>>>>>>>>>>>>>>>>>>>>>>>>>>>>>>>>>>>>>>>>>>>>>>>>>>>>>>>>>>>>>>>>>>>>>>>>>>>>>
2026-01-08 14:38:01,728 - INFO - START magic_classifier =============================================
2026-01-08 14:38:01,729 - INFO - START magic_classifier Start Time = 2026-01-08 14:38:01
2026-01-08 14:38:01,729 - INFO - magic_classifier Step 0 - Initialize the configuration file parser
2026-01-08 14:38:01,732 - INFO - Process magic_classifier Step 0 - Initializing and starting Logging Process.
2026-01-08 14:39:23,916 - INFO - Pandas backend loaded 2.2.2
2026-01-08 14:39:23,932 - INFO - Numpy backend loaded 1.26.4
2026-01-08 14:39:23,932 - INFO - Pyspark backend NOT loaded
2026-01-08 14:39:23,932 - INFO - Python backend loaded
2026-01-12 11:42:33,288 - INFO - PERFORMANCE magic_classifier The total process duration was:335071.56
2026-01-12 11:42:33,288 - INFO - PERFORMANCE magic_classifier Stop Time = 2026-01-12 11:42:33
2026-01-12 11:42:33,288 - INFO - PERFORMANCE magic_classifier LONG process duration greater than 10 Minutes:335071.56
2026-01-12 11:42:33,288 - INFO - PERFORMANCE magic_classifier Performance optimization is required
2026-01-12 11:42:33,288 - INFO - END magic_classifier =============================================

<<<<<<<<<<<<<<<<<<<<<<<<<<<<<<<<<<<<<<<<<<<<<<<<<<<<<<<<<<<<<<<<<<<<<<<<<<<<<<<<<<<<<<<<<<<<<<<<<<<<<<<<<<<<<<<<<<<<<<<<
                                                                                                                        
